session      : 20261002_213445
python       : 3.14.2
platform     : Windows-11-10.0.26200-SP0
torch        : 2.11.0+cu128 (CUDA build 12.8, cuDNN 91900)
GPU          : NVIDIA GeForce RTX 5070 Laptop GPU, 8.5 GB
torchvision  : 0.26.0+cu128

📝 Logging to: C:\Users\csk23\Documents\Zanthosh\Northeastern\SEMESTERs\4th Sem\Deep Learning\PROJECT - 1\milestone1_outputs_v2\logs\session_20261002_213445
[2026-10-02 21:34:47] END   B0.04  | OK  | 0.0s

====================================================================================================
[2026-10-02 21:34:47] START B1.01  Index the dataset: one folder per Object ID
====================================================================================================
Root: C:\Users\csk23\Documents\Zanthosh\Northeastern\SEMESTERs\4th Sem\Deep Learning\PROJECT - 1\Dataset - Updated
73 classes | 7343 images | per class: min 100, median 100, max 113
Classes without exactly 100 images: {'OBJ005': 108, 'OBJ009': 106, 'OBJ017': 113, 'OBJ028': 101, 'OBJ049': 105, 'OBJ051': 110}
⚠️ 101 files whose name prefix ≠ folder (check Object IDs!): ['OBJ07_033.jpg', 'sunglasses_001.jpeg', 'sunglasses_002.jpeg', 'sunglasses_003.jpeg', 'sunglasses_004.jpeg', 'sunglasses_005.jpeg', 'sunglasses_006.jpeg', 'sunglasses_007.jpeg', 'sunglasses_008.jpeg', 'sunglasses_009.jpeg', 'sunglasses_010.jpeg', 'sunglasses_011.jpeg', 'sunglasses_012.jpeg', 'sunglasses_013.jpeg', 'sunglasses_014.jpeg']
Excluded 0 images by config → 7343 images kept
[2026-10-02 21:34:47] END   B1.01  | OK  | 0.2s

====================================================================================================
[2026-10-02 21:34:47] START B1.02  Decode every image once into RAM at 224x224 (cached on disk → re-runs take seconds)
====================================================================================================
Loaded 7343 decoded images from cache (decoded_84ad99c3e190be4b.npy).
IMAGES in RAM: (7343, 224, 224, 3), 1.11 GB | unreadable files skipped: 0
Most common original sizes: {(224, 224): 7340, (224, 192): 1, (225, 224): 1, (650, 642): 1}
Byte-identical duplicates (pre-bg-removal): 28 groups, 0 spanning different classes
All 73 classes have at least one readable image. OBJ022: 100 images
[2026-10-02 21:34:48] END   B1.02  | OK  | 0.6s

====================================================================================================
[2026-10-02 21:34:48] START B1.03  Background-only removal by filename
====================================================================================================
Background images identified by filename: 385 total
Classes with zero bg images (1): ['OBJ004']

Per-class bg count:
  OBJ001: 5
  OBJ002: 5
  OBJ003: 5
  OBJ004: 0
  OBJ005: 9
  OBJ006: 5
  OBJ007: 5
  OBJ008: 5
  OBJ009: 11
  OBJ010: 5
  OBJ011: 5
  OBJ012: 5
  OBJ013: 6
  OBJ014: 7
  OBJ015: 5
  OBJ016: 5
  OBJ017: 7
  OBJ018: 5
  OBJ019: 5
  OBJ020: 5
  OBJ021: 5
  OBJ022: 5
  OBJ023: 5
  OBJ024: 5
  OBJ025: 6
  OBJ026: 5
  OBJ027: 5
  OBJ028: 5
  OBJ029: 5
  OBJ030: 5
  OBJ031: 5
  OBJ032: 5
  OBJ033: 5
  OBJ034: 5
  OBJ035: 5
  OBJ036: 5
  OBJ037: 5
  OBJ038: 5
  OBJ039: 5
  OBJ040: 5
  OBJ041: 5
  OBJ042: 5
  OBJ043: 5
  OBJ044: 5
  OBJ045: 5
  OBJ046: 5
  OBJ047: 5
  OBJ048: 5
  OBJ049: 6
  OBJ050: 5
  OBJ051: 5
  OBJ052: 5
  OBJ053: 10
  OBJ054: 5
  OBJ055: 5
  OBJ056: 5
  OBJ057: 5
  OBJ058: 5
  OBJ059: 5
  OBJ060: 5
  OBJ061: 5
  OBJ062: 5
  OBJ063: 6
  OBJ064: 5
  OBJ065: 5
  OBJ066: 5
  OBJ067: 5
  OBJ068: 5
  OBJ069: 7
  OBJ070: 5
  OBJ071: 5
  OBJ072: 5
  OBJ073: 5

Removed 385 bg images -> 6958 images remain
[2026-10-02 21:34:48] END   B1.03  | OK  | 0.3s

====================================================================================================
[2026-10-02 21:34:48] START B1.04  Remove exact duplicates (before the split), optional per-class cap, re-index
====================================================================================================
Exact duplicates removed: 16
Per class: {'OBJ011': 2, 'OBJ022': 1, 'OBJ023': 6, 'OBJ028': 1, 'OBJ029': 1, 'OBJ062': 4, 'OBJ066': 1}

No per-class cap applied — every valid image is kept.

Final dataset: 6942 images | 73 classes
Per-class: min 89, median 95, max 106

Full per-class count:
  OBJ001: 95
  OBJ002: 95
  OBJ003: 95
  OBJ004: 100
  OBJ005: 99
  OBJ006: 95
  OBJ007: 95
  OBJ008: 95
  OBJ009: 95
  OBJ010: 95
  OBJ011: 93
  OBJ012: 95
  OBJ013: 94
  OBJ014: 93
  OBJ015: 95
  OBJ016: 95
  OBJ017: 106
  OBJ018: 95
  OBJ019: 95
  OBJ020: 95
  OBJ021: 95
  OBJ022: 94
  OBJ023: 89
  OBJ024: 95
  OBJ025: 94
  OBJ026: 95
  OBJ027: 95
  OBJ028: 95
  OBJ029: 94
  OBJ030: 95
  OBJ031: 95
  OBJ032: 95
  OBJ033: 95
  OBJ034: 95
  OBJ035: 95
  OBJ036: 95
  OBJ037: 95
  OBJ038: 95
  OBJ039: 95
  OBJ040: 95
  OBJ041: 95
  OBJ042: 95
  OBJ043: 95
  OBJ044: 95
  OBJ045: 95
  OBJ046: 95
  OBJ047: 95
  OBJ048: 95
  OBJ049: 99
  OBJ050: 95
  OBJ051: 105
  OBJ052: 95
  OBJ053: 90
  OBJ054: 95
  OBJ055: 95
  OBJ056: 95
  OBJ057: 95
  OBJ058: 95
  OBJ059: 95
  OBJ060: 95
  OBJ061: 95
  OBJ062: 91
  OBJ063: 94
  OBJ064: 95
  OBJ065: 95
  OBJ066: 94
  OBJ067: 95
  OBJ068: 95
  OBJ069: 93
  OBJ070: 95
  OBJ071: 95
  OBJ072: 95
  OBJ073: 95

Clean dataset signature: fe620065453a  (list saved to clean_dataset.csv)
[2026-10-02 21:34:48] END   B1.04  | OK  | 0.3s

====================================================================================================
[2026-10-02 21:34:48] START B1.05  Look at one class's full shot sequence
====================================================================================================
[2026-10-02 21:34:55] END   B1.05  | OK  | 6.9s

====================================================================================================
[2026-10-02 21:34:55] START B1.06  Shared transforms, perturbations and dataset
====================================================================================================
[2026-10-02 21:34:56] END   B1.06  | OK  | 0.5s

====================================================================================================
[2026-10-02 21:34:56] START B1.07  Frozen ConvNeXt-Tiny features for every image (used for the label audit and near-duplicate check)
====================================================================================================
Loaded cached features: (6942, 768)
[2026-10-02 21:34:56] END   B1.07  | OK  | 0.0s

====================================================================================================
[2026-10-02 21:34:56] START B1.08  Label-quality audit: out-of-fold predictions from a linear classifier on frozen features
====================================================================================================
Out-of-fold linear-probe accuracy (5-fold CV): 0.9826

Hardest classes (OOF accuracy): {'OBJ061': 0.842, 'OBJ013': 0.862, 'OBJ034': 0.916, 'OBJ054': 0.937, 'OBJ038': 0.937, 'OBJ012': 0.947, 'OBJ059': 0.947, 'OBJ037': 0.958}

Confidently assigned to ANOTHER class (p>0.8): 14 images
              fname class_name oof_pred_name
     OBJ013_084.jpg     OBJ013        OBJ034
sunglasses_001.jpeg     OBJ014        OBJ045
     OBJ027_079.jpg     OBJ027        OBJ022
     OBJ042_044.jpg     OBJ042        OBJ027
     OBJ054_005.jpg     OBJ054        OBJ022
     OBJ059_068.jpg     OBJ059        OBJ061
     OBJ059_074.jpg     OBJ059        OBJ061
     OBJ061_019.jpg     OBJ061        OBJ059
     OBJ061_033.jpg     OBJ061        OBJ059
     OBJ061_042.jpg     OBJ061        OBJ059
     OBJ061_076.jpg     OBJ061        OBJ026
     OBJ062_026.jpg     OBJ062        OBJ068
     OBJ065_018.jpg     OBJ065        OBJ036
     OBJ066_026.jpg     OBJ066        OBJ051
[2026-10-02 21:34:56] END   B1.08  | OK  | 0.0s

====================================================================================================
[2026-10-02 21:34:56] START B1.09  Review the 40 most suspicious images
====================================================================================================
Full list: label_audit_suspects.csv in OUT_DIR. Add clear background-only / wrong images to EXCLUDE_FILES.
[2026-10-02 21:35:00] END   B1.09  | OK  | 4.0s

====================================================================================================
[2026-10-02 21:35:00] START B2.01  Stratified 70/15/15 split, fixed seed, identical for every model
====================================================================================================
train 4859 | val 1041 | test 1042 | classes 73
Split signature: 6ed2c1673798 | manifest saved to data_manifest.json
[2026-10-02 21:35:00] END   B2.01  | OK  | 0.0s

====================================================================================================
[2026-10-02 21:35:00] START B2.02  Verify every Object ID is split in the same 70/15/15 proportion; handle unequal class sizes
====================================================================================================
Per-class split (first 10 shown, full table in split_per_class.csv):
train % per class: 69.5–70.5 | val %: 14.7–15.8 | test %: 14.3–15.8
Training images per class: min 62, max 74 (ratio 1.19) → class-weighted loss ENABLED (smaller classes count more, so no object dominates).
[2026-10-02 21:35:00] END   B2.02  | OK  | 0.2s

====================================================================================================
[2026-10-02 21:35:00] START B2.03  Near-duplicate leakage check
====================================================================================================
Near-duplicate test images (sim ≥ 0.92): 99 / 1042 (9.5%) → 'hard' subset = 943 images
[2026-10-02 21:35:01] END   B2.03  | OK  | 1.0s

====================================================================================================
[2026-10-02 21:35:01] START B2.04  Models
====================================================================================================
[2026-10-02 21:35:01] END   B2.04  | OK  | 0.0s

====================================================================================================
[2026-10-02 21:35:01] START B2.05  Architecture check: layer shapes, normalisation and pooling of every model (for the report)
====================================================================================================
Custom CNN — shape after each stage (padding keeps size inside a stage, max-pool halves it):
  input                     (1, 3, 224, 224)      
  stage 1 (2×[conv-BN-ReLU] + pool)(1, 32, 112, 112)         10,208 params
  stage 2 (2×[conv-BN-ReLU] + pool)(1, 64, 56, 56)           55,552 params
  stage 3 (2×[conv-BN-ReLU] + pool)(1, 128, 28, 28)         221,696 params
  stage 4 (2×[conv-BN-ReLU] + pool)(1, 256, 14, 14)         885,760 params
  stage 5 (2×[conv-BN-ReLU] + pool)(1, 384, 7, 7)         2,213,376 params
  global avg pool           (1, 384, 1, 1)        
  dropout + linear          (1, 73)                   28,105 params

Note: ResNet-50 and EfficientNet-B0 use BatchNorm; ConvNeXt uses LayerNorm by design. Pretrained architectures are kept exactly as designed — changing their layers would break the pretrained weights.
[2026-10-02 21:35:03] END   B2.05  | OK  | 2.1s

====================================================================================================
[2026-10-02 21:35:03] START B2.06  Training engine — checkpointed every epoch, resumable, fault-tolerant
====================================================================================================
Experiments: ['A_custom_cnn_scratch', 'B_convnext_linear_probe', 'C_resnet50_finetune', 'D_efficientnet_b0_finetune', 'E_convnext_tiny_finetune', 'F_convnext_tiny_basic_aug']
[2026-10-02 21:35:03] END   B2.06  | OK  | 0.0s

====================================================================================================
[2026-10-02 21:35:03] START B3.01  Experiment A_custom_cnn_scratch
====================================================================================================
✓ A_custom_cnn_scratch already finished — skipped (test acc 0.8858, macro-F1 0.8827)
[2026-10-02 21:35:03] END   B3.01  | OK  | 0.0s

====================================================================================================
[2026-10-02 21:35:03] START B3.02  Experiment B_convnext_linear_probe
====================================================================================================
✓ B_convnext_linear_probe already finished — skipped (test acc 0.9741, macro-F1 0.9740)
[2026-10-02 21:35:03] END   B3.02  | OK  | 0.0s

====================================================================================================
[2026-10-02 21:35:03] START B3.03  Experiment C_resnet50_finetune
====================================================================================================
✓ C_resnet50_finetune already finished — skipped (test acc 0.9866, macro-F1 0.9863)
[2026-10-02 21:35:03] END   B3.03  | OK  | 0.0s

====================================================================================================
[2026-10-02 21:35:03] START B3.04  Experiment D_efficientnet_b0_finetune
====================================================================================================
✓ D_efficientnet_b0_finetune already finished — skipped (test acc 0.9818, macro-F1 0.9815)
[2026-10-02 21:35:03] END   B3.04  | OK  | 0.0s

====================================================================================================
[2026-10-02 21:35:03] START B3.05  Experiment E_convnext_tiny_finetune
====================================================================================================
✓ E_convnext_tiny_finetune already finished — skipped (test acc 0.9942, macro-F1 0.9942)
[2026-10-02 21:35:03] END   B3.05  | OK  | 0.0s

====================================================================================================
[2026-10-02 21:35:03] START B3.06  Experiment F_convnext_tiny_basic_aug
====================================================================================================
✓ F_convnext_tiny_basic_aug already finished — skipped (test acc 0.9866, macro-F1 0.9865)
[2026-10-02 21:35:03] END   B3.06  | OK  | 0.0s

====================================================================================================
[2026-10-02 21:35:03] START B3.07  Experiment status
====================================================================================================
✅ All experiments finished.
[2026-10-02 21:35:03] END   B3.07  | OK  | 0.0s

====================================================================================================
[2026-10-02 21:35:03] START B4.01  Main comparison table with 95% bootstrap confidence intervals
====================================================================================================

🏆 Selected model (by validation macro-F1): D_efficientnet_b0_finetune
[2026-10-02 21:35:03] END   B4.01  | OK  | 0.1s

====================================================================================================
[2026-10-02 21:35:04] START B4.02  Selection refinement on VALIDATION data + fair inference-speed benchmark (test set not used)
====================================================================================================

Selection rule: among models within 0.5 pt of the best validation macro-F1 (D_efficientnet_b0_finetune, C_resnet50_finetune, E_convnext_tiny_finetune, F_convnext_tiny_basic_aug), choose the highest mean accuracy on perturbed VALIDATION images (size as final tie-break). Selected: E_convnext_tiny_finetune. (Size alone would have chosen D_efficientnet_b0_finetune.) The test set was not used for selection.

Inference speed (ms/image, warm GPU, batch 32): {'A_custom_cnn_scratch': 0.38, 'B_convnext_linear_probe': 0.8, 'C_resnet50_finetune': 0.56, 'D_efficientnet_b0_finetune': 0.47, 'E_convnext_tiny_finetune': 0.79, 'F_convnext_tiny_basic_aug': 0.77}

🏆 Selected model: E_convnext_tiny_finetune
[2026-10-02 21:37:58] END   B4.02  | OK  | 174.7s

====================================================================================================
[2026-10-02 21:37:58] START B4.03  Is the winner significantly better? McNemar's exact test on paired test predictions
====================================================================================================
[2026-10-02 21:37:58] END   B4.03  | OK  | 0.0s

====================================================================================================
[2026-10-02 21:37:58] START B4.04  Robustness: accuracy under simulated small / cut-off / occluded / low-quality conditions
====================================================================================================
C:\Users\csk23\AppData\Local\Temp\ipykernel_5000\4150473437.py:4: Pandas4Warning: Starting with pandas version 4.0 all arguments of mean will be keyword-only.
  rob["mean_drop"] = rob["clean"] - rob[ROBUSTNESS_KINDS].mean(1)
[2026-10-02 21:37:59] END   B4.04  | OK  | 0.5s

====================================================================================================
[2026-10-02 21:37:59] START B4.05  Training curves
====================================================================================================
[2026-10-02 21:38:01] END   B4.05  | OK  | 2.1s

====================================================================================================
[2026-10-02 21:38:01] START B4.06  Error analysis of the selected model
====================================================================================================
Most confused (true → predicted):
  OBJ061 → OBJ059: 2
  OBJ054 → OBJ064: 1
  OBJ014 → OBJ045: 1
  OBJ014 → OBJ004: 1
  OBJ012 → OBJ003: 1

Weakest classes:
[2026-10-02 21:38:04] END   B4.06  | OK  | 3.5s

====================================================================================================
[2026-10-02 21:38:04] START B4.07  Grad-CAM: does the model look at the object or at the background?
====================================================================================================
[2026-10-02 21:38:18] END   B4.07  | OK  | 14.0s

====================================================================================================
[2026-10-02 21:38:19] START B4.08  Background-shortcut test: what does the model predict on images that contain NO object?
====================================================================================================
On 385 excluded background-only images (no object visible), the selected model predicted the photographer's own Object ID 32.5% of the time (chance = 1.4%), mean confidence 0.36. This indicates substantial reliance on background cues.
[2026-10-02 21:38:35] END   B4.08  | OK  | 16.5s

====================================================================================================
[2026-10-02 21:38:35] START B4.09  Write a results summary (tables + key facts) to paste into the report
====================================================================================================
# Milestone 1 — Results summary

## Dataset
- 73 classes (Object IDs), 7343 files in the merged dataset → 6942 images used.
- Removed: 385 background-only (filename tag), 16 byte-identical duplicates, 0 unreadable.
- Split 70/15/15 stratified per Object ID, seed 42: 4859 train / 1041 val / 1042 test (data signature 6ed2c1673798).
- Out-of-fold linear-probe accuracy during the data audit: 0.983.
- Near-duplicate test images (cosine ≥ 0.92 to a same-class train image): 99 (9.5%).

## Model comparison (sorted by validation macro-F1)
```
                experiment                                                        approach  val_macro_F1  test_acc         95% CI  test_macro_F1  test_acc_hard_subset  test_acc_TTA  params_M  trainable_M  train_min  ms_per_img  best_epoch
D_efficientnet_b0_finetune                     EfficientNet-B0 (ImageNet) fully fine-tuned        0.9923    0.9818 [0.973, 0.989]         0.9815                0.9799        0.9856    4.1011       4.1011    26.2252      0.4708          15
       C_resnet50_finetune                           ResNet-50 (ImageNet) fully fine-tuned        0.9914    0.9866 [0.979, 0.993]         0.9863                0.9852        0.9885   23.6576      23.6576    26.3097      0.5599          14
  E_convnext_tiny_finetune                       ConvNeXt-Tiny (ImageNet) fully fine-tuned        0.9903    0.9942 [0.989, 0.998]         0.9942                0.9936        0.9933   27.8763      27.8763    14.8680      0.7902          16
 F_convnext_tiny_basic_aug Ablation: ConvNeXt-Tiny fine-tuned with basic augmentation only        0.9883    0.9866 [0.979, 0.993]         0.9865                0.9852        0.9875   27.8763      27.8763     6.2100      0.7706           5
   B_convnext_linear_probe                     Frozen ImageNet ConvNeXt-Tiny + linear head        0.9748    0.9741 [0.964, 0.984]         0.9740                0.9714        0.9818   27.8763       0.0561     4.9103      0.8032          12
      A_custom_cnn_scratch                         Plain 10-layer CNN trained from scratch        0.8880    0.8858 [0.867, 0.904]         0.8827                0.8738        0.9050    3.4147       3.4147    57.3137      0.3821          57
```

## Robustness (test accuracy under simulated conditions)
```
                experiment  clean  small_object  cropped  occluded  low_quality  mean_drop
      A_custom_cnn_scratch 0.8858        0.7591   0.8772    0.7370       0.2678     0.2255
   B_convnext_linear_probe 0.9741        0.8570   0.9693    0.8935       0.5058     0.1677
       C_resnet50_finetune 0.9866        0.9559   0.9798    0.9165       0.4184     0.1689
D_efficientnet_b0_finetune 0.9818        0.9511   0.9818    0.9031       0.4779     0.1533
  E_convnext_tiny_finetune 0.9942        0.9789   0.9904    0.9155       0.5701     0.1305
 F_convnext_tiny_basic_aug 0.9866        0.8656   0.9798    0.8839       0.3666     0.2126
```

## Significance (McNemar exact test vs. selected model)
```
                        vs  only_best_right  only_other_right  p_value  significant (p<0.05)
      A_custom_cnn_scratch              114                 1   0.0000                  True
   B_convnext_linear_probe               24                 3   0.0000                  True
       C_resnet50_finetune                8                 0   0.0078                  True
D_efficientnet_b0_finetune               13                 0   0.0002                  True
 F_convnext_tiny_basic_aug                9                 1   0.0215                  True
```

## Selection on validation data (clean + perturbed)
```
                experiment  val_macro_F1  val_small_object  val_cropped  val_occluded  val_low_quality  val_robust_mean  params_M
  E_convnext_tiny_finetune        0.9903            0.9712       0.9875        0.8934           0.5389           0.8477   27.8763
D_efficientnet_b0_finetune        0.9923            0.9481       0.9837        0.8866           0.4592           0.8194    4.1011
       C_resnet50_finetune        0.9914            0.9549       0.9866        0.8895           0.3967           0.8069   23.6576
 F_convnext_tiny_basic_aug        0.9883            0.8511       0.9808        0.8473           0.3794           0.7646   27.8763
```

## Selected model
Selection rule: among models within 0.5 pt of the best validation macro-F1 (D_efficientnet_b0_finetune, C_resnet50_finetune, E_convnext_tiny_finetune, F_convnext_tiny_basic_aug), choose the highest mean accuracy on perturbed VALIDATION images (size as final tie-break). Selected: E_convnext_tiny_finetune. (Size alone would have chosen D_efficientnet_b0_finetune.) The test set was not used for selection.
**E_convnext_tiny_finetune** — ConvNeXt-Tiny (ImageNet) fully fine-tuned. Validation macro-F1 0.9903; test accuracy 0.9942 [0.989, 0.998]; test macro-F1 0.9942; hard-subset accuracy 0.9936; with TTA 0.9933; 27.9M parameters; 0.79 ms/image inference (warm GPU, batch 32).

## Background-shortcut test
On 385 excluded background-only images (no object visible), the selected model predicted the photographer's own Object ID 32.5% of the time (chance = 1.4%), mean confidence 0.36. This indicates substantial reliance on background cues.

All figures: C:\Users\csk23\Documents\Zanthosh\Northeastern\SEMESTERs\4th Sem\Deep Learning\PROJECT - 1\milestone1_outputs_v2\figures
All tables: C:\Users\csk23\Documents\Zanthosh\Northeastern\SEMESTERs\4th Sem\Deep Learning\PROJECT - 1\milestone1_outputs_v2

✅ Notebook finished.
[2026-10-02 21:38:35] END   B4.09  | OK  | 0.0s
