
====================================================================================================
[2026-10-02 21:35:03] START B3.01  Experiment A_custom_cnn_scratch
====================================================================================================
✓ A_custom_cnn_scratch already finished — skipped (test acc 0.8858, macro-F1 0.8827)
[2026-10-02 21:35:03] END   B3.01  | OK  | 0.0s

====================================================================================================
[2026-10-02 21:35:03] START B3.02  Experiment B_convnext_linear_probe
====================================================================================================
✓ B_convnext_linear_probe already finished — skipped (test acc 0.9741, macro-F1 0.9740)
[2026-10-02 21:35:03] END   B3.02  | OK  | 0.0s

====================================================================================================
[2026-10-02 21:35:03] START B3.03  Experiment C_resnet50_finetune
====================================================================================================
✓ C_resnet50_finetune already finished — skipped (test acc 0.9866, macro-F1 0.9863)
[2026-10-02 21:35:03] END   B3.03  | OK  | 0.0s

====================================================================================================
[2026-10-02 21:35:03] START B3.04  Experiment D_efficientnet_b0_finetune
====================================================================================================
✓ D_efficientnet_b0_finetune already finished — skipped (test acc 0.9818, macro-F1 0.9815)
[2026-10-02 21:35:03] END   B3.04  | OK  | 0.0s

====================================================================================================
[2026-10-02 21:35:03] START B3.05  Experiment E_convnext_tiny_finetune
====================================================================================================
✓ E_convnext_tiny_finetune already finished — skipped (test acc 0.9942, macro-F1 0.9942)
[2026-10-02 21:35:03] END   B3.05  | OK  | 0.0s

====================================================================================================
[2026-10-02 21:35:03] START B3.06  Experiment F_convnext_tiny_basic_aug
====================================================================================================
✓ F_convnext_tiny_basic_aug already finished — skipped (test acc 0.9866, macro-F1 0.9865)
[2026-10-02 21:35:03] END   B3.06  | OK  | 0.0s

====================================================================================================
[2026-10-02 21:35:03] START B3.07  Experiment status
====================================================================================================
✅ All experiments finished.
[2026-10-02 21:35:03] END   B3.07  | OK  | 0.0s
